Archive member included to satisfy reference by file (symbol)

/opt/st/stm32cubeide_1.7.0/plugins/com.st.stm32cube.ide.mcu.externaltools.gnu-tools-for-stm32.9-2020-q2-update.linux64_2.0.0.202105311346/tools/bin/../lib/gcc/arm-none-eabi/9.3.1/../../../../arm-none-eabi/lib/thumb/v7e-m+fp/hard/libc_nano.a(lib_a-errno.o)
                              ./Core/Src/syscalls.o (__errno)
/opt/st/stm32cubeide_1.7.0/plugins/com.st.stm32cube.ide.mcu.externaltools.gnu-tools-for-stm32.9-2020-q2-update.linux64_2.0.0.202105311346/tools/bin/../lib/gcc/arm-none-eabi/9.3.1/../../../../arm-none-eabi/lib/thumb/v7e-m+fp/hard/libc_nano.a(lib_a-exit.o)
                              /opt/st/stm32cubeide_1.7.0/plugins/com.st.stm32cube.ide.mcu.externaltools.gnu-tools-for-stm32.9-2020-q2-update.linux64_2.0.0.202105311346/tools/bin/../lib/gcc/arm-none-eabi/9.3.1/../../../../arm-none-eabi/lib/thumb/v7e-m+fp/hard/crt0.o (exit)
/opt/st/stm32cubeide_1.7.0/plugins/com.st.stm32cube.ide.mcu.externaltools.gnu-tools-for-stm32.9-2020-q2-update.linux64_2.0.0.202105311346/tools/bin/../lib/gcc/arm-none-eabi/9.3.1/../../../../arm-none-eabi/lib/thumb/v7e-m+fp/hard/libc_nano.a(lib_a-impure.o)
                              /opt/st/stm32cubeide_1.7.0/plugins/com.st.stm32cube.ide.mcu.externaltools.gnu-tools-for-stm32.9-2020-q2-update.linux64_2.0.0.202105311346/tools/bin/../lib/gcc/arm-none-eabi/9.3.1/../../../../arm-none-eabi/lib/thumb/v7e-m+fp/hard/libc_nano.a(lib_a-exit.o) (_global_impure_ptr)
/opt/st/stm32cubeide_1.7.0/plugins/com.st.stm32cube.ide.mcu.externaltools.gnu-tools-for-stm32.9-2020-q2-update.linux64_2.0.0.202105311346/tools/bin/../lib/gcc/arm-none-eabi/9.3.1/../../../../arm-none-eabi/lib/thumb/v7e-m+fp/hard/libc_nano.a(lib_a-init.o)
                              /opt/st/stm32cubeide_1.7.0/plugins/com.st.stm32cube.ide.mcu.externaltools.gnu-tools-for-stm32.9-2020-q2-update.linux64_2.0.0.202105311346/tools/bin/../lib/gcc/arm-none-eabi/9.3.1/../../../../arm-none-eabi/lib/thumb/v7e-m+fp/hard/crt0.o (__libc_init_array)
/opt/st/stm32cubeide_1.7.0/plugins/com.st.stm32cube.ide.mcu.externaltools.gnu-tools-for-stm32.9-2020-q2-update.linux64_2.0.0.202105311346/tools/bin/../lib/gcc/arm-none-eabi/9.3.1/../../../../arm-none-eabi/lib/thumb/v7e-m+fp/hard/libc_nano.a(lib_a-memset.o)
                              /opt/st/stm32cubeide_1.7.0/plugins/com.st.stm32cube.ide.mcu.externaltools.gnu-tools-for-stm32.9-2020-q2-update.linux64_2.0.0.202105311346/tools/bin/../lib/gcc/arm-none-eabi/9.3.1/../../../../arm-none-eabi/lib/thumb/v7e-m+fp/hard/crt0.o (memset)
/opt/st/stm32cubeide_1.7.0/plugins/com.st.stm32cube.ide.mcu.externaltools.gnu-tools-for-stm32.9-2020-q2-update.linux64_2.0.0.202105311346/tools/bin/../lib/gcc/arm-none-eabi/9.3.1/thumb/v7e-m+fp/hard/libgcc.a(_aeabi_uldivmod.o)
                              ./Drivers/STM32F4xx_HAL_Driver/Src/stm32f4xx_hal_rcc.o (__aeabi_uldivmod)
/opt/st/stm32cubeide_1.7.0/plugins/com.st.stm32cube.ide.mcu.externaltools.gnu-tools-for-stm32.9-2020-q2-update.linux64_2.0.0.202105311346/tools/bin/../lib/gcc/arm-none-eabi/9.3.1/thumb/v7e-m+fp/hard/libgcc.a(_udivmoddi4.o)
                              /opt/st/stm32cubeide_1.7.0/plugins/com.st.stm32cube.ide.mcu.externaltools.gnu-tools-for-stm32.9-2020-q2-update.linux64_2.0.0.202105311346/tools/bin/../lib/gcc/arm-none-eabi/9.3.1/thumb/v7e-m+fp/hard/libgcc.a(_aeabi_uldivmod.o) (__udivmoddi4)
/opt/st/stm32cubeide_1.7.0/plugins/com.st.stm32cube.ide.mcu.externaltools.gnu-tools-for-stm32.9-2020-q2-update.linux64_2.0.0.202105311346/tools/bin/../lib/gcc/arm-none-eabi/9.3.1/thumb/v7e-m+fp/hard/libgcc.a(_dvmd_tls.o)
                              /opt/st/stm32cubeide_1.7.0/plugins/com.st.stm32cube.ide.mcu.externaltools.gnu-tools-for-stm32.9-2020-q2-update.linux64_2.0.0.202105311346/tools/bin/../lib/gcc/arm-none-eabi/9.3.1/thumb/v7e-m+fp/hard/libgcc.a(_aeabi_uldivmod.o) (__aeabi_ldiv0)

Allocating common symbols
Common symbol       size              file

enc_omni            0x8               ./Core/Src/main.o
hdma_usart2_rx      0x60              ./Core/Src/usart.o
uart1_data          0x1               ./Core/Src/main.o
counter3            0x2               ./Core/Src/main.o
htim4               0x48              ./Core/Src/tim.o
hdma_usart3_rx      0x60              ./Core/Src/usart.o
huart3              0x44              ./Core/Src/usart.o
VminCounter         0x4               ./Core/Src/buzzer.o
globalSpeedOut      0x6               ./Core/Src/main.o
Motor_Speed_Target  0x8               ./Core/Src/main.o
integral_motor      0x10              ./Core/Src/motor_omni.o
Motor_Omni_PWM      0x8               ./Core/Src/main.o
uwTick              0x4               ./Drivers/STM32F4xx_HAL_Driver/Src/stm32f4xx_hal.o
hdma_usart3_tx      0x60              ./Core/Src/usart.o
pFlash              0x20              ./Drivers/STM32F4xx_HAL_Driver/Src/stm32f4xx_hal_flash.o
htim5               0x48              ./Core/Src/tim.o
uart1_terima        0x1               ./Core/Src/main.o
[...]
Memory Configuration

Name             Origin             Length             Attributes
CCMRAM           0x0000000010000000 0x0000000000010000 xrw
RAM              0x0000000020000000 0x0000000000020000 xrw
FLASH            0x0000000008000000 0x0000000000100000 xr
*default*        0x0000000000000000 0xffffffffffffffff

Linker script and memory map

LOAD /opt/st/stm32cubeide_1.7.0/plugins/com.st.stm32cube.ide.mcu.externaltools.gnu-tools-for-stm32.9-2020-q2-update.linux64_2.0.0.202105311346/tools/bin/../lib/gcc/arm-none-eabi/9.3.1/thumb/v7e-m+fp/hard/crti.o
LOAD /opt/st/stm32cubeide_1.7.0/plugins/com.st.stm32cube.ide.mcu.externaltools.gnu-tools-for-stm32.9-2020-q2-update.linux64_2.0.0.202105311346/tools/bin/../lib/gcc/arm-none-eabi/9.3.1/thumb/v7e-m+fp/hard/crtbegin.o
LOAD /opt/st/stm32cubeide_1.7.0/plugins/com.st.stm32cube.ide.mcu.externaltools.gnu-tools-for-stm32.9-2020-q2-update.linux64_2.0.0.202105311346/tools/bin/../lib/gcc/arm-none-eabi/9.3.1/../../../../arm-none-eabi/lib/thumb/v7e-m+fp/hard/crt0.o
LOAD ./Core/Src/buzzer.o
LOAD ./Core/Src/dma.o
LOAD ./Core/Src/gpio.o
LOAD ./Core/Src/main.o
LOAD ./Core/Src/motor_omni.o
LOAD ./Core/Src/stm32f4xx_hal_msp.o
LOAD ./Core/Src/stm32f4xx_it.o
LOAD ./Core/Src/syscalls.o
LOAD ./Core/Src/sysmem.o
LOAD ./Core/Src/system_stm32f4xx.o
LOAD ./Core/Src/tim.o
LOAD ./Core/Src/usart.o
LOAD ./Core/Startup/startup_stm32f407vgtx.o
LOAD ./Drivers/STM32F4xx_HAL_Driver/Src/stm32f4xx_hal.o
LOAD ./Drivers/STM32F4xx_HAL_Driver/Src/stm32f4xx_hal_cortex.o
LOAD ./Drivers/STM32F4xx_HAL_Driver/Src/stm32f4xx_hal_dma.o
LOAD ./Drivers/STM32F4xx_HAL_Driver/Src/stm32f4xx_hal_dma_ex.o
LOAD ./Drivers/STM32F4xx_HAL_Driver/Src/stm32f4xx_hal_exti.o
LOAD ./Drivers/STM32F4xx_HAL_Driver/Src/stm32f4xx_hal_flash.o
LOAD ./Drivers/STM32F4xx_HAL_Driver/Src/stm32f4xx_hal_flash_ex.o
LOAD ./Drivers/STM32F4xx_HAL_Driver/Src/stm32f4xx_hal_flash_ramfunc.o
LOAD ./Drivers/STM32F4xx_HAL_Driver/Src/stm32f4xx_hal_gpio.o
LOAD ./Drivers/STM32F4xx_HAL_Driver/Src/stm32f4xx_hal_pwr.o
LOAD ./Drivers/STM32F4xx_HAL_Driver/Src/stm32f4xx_hal_pwr_ex.o
LOAD ./Drivers/STM32F4xx_HAL_Driver/Src/stm32f4xx_hal_rcc.o
LOAD ./Drivers/STM32F4xx_HAL_Driver/Src/stm32f4xx_hal_rcc_ex.o
LOAD ./Drivers/STM32F4xx_HAL_Driver/Src/stm32f4xx_hal_tim.o
LOAD ./Drivers/STM32F4xx_HAL_Driver/Src/stm32f4xx_hal_tim_ex.o
LOAD ./Drivers/STM32F4xx_HAL_Driver/Src/stm32f4xx_hal_uart.o
START GROUP
LOAD /opt/st/stm32cubeide_1.7.0/plugins/com.st.stm32cube.ide.mcu.externaltools.gnu-tools-for-stm32.9-2020-q2-update.linux64_2.0.0.202105311346/tools/bin/../lib/gcc/arm-none-eabi/9.3.1/../../../../arm-none-eabi/lib/thumb/v7e-m+fp/hard/libc_nano.a
LOAD /opt/st/stm32cubeide_1.7.0/plugins/com.st.stm32cube.ide.mcu.externaltools.gnu-tools-for-stm32.9-2020-q2-update.linux64_2.0.0.202105311346/tools/bin/../lib/gcc/arm-none-eabi/9.3.1/../../../../arm-none-eabi/lib/thumb/v7e-m+fp/hard/libm.a
END GROUP
START GROUP
LOAD /opt/st/stm32cubeide_1.7.0/plugins/com.st.stm32cube.ide.mcu.externaltools.gnu-tools-for-stm32.9-2020-q2-update.linux64_2.0.0.202105311346/tools/bin/../lib/gcc/arm-none-eabi/9.3.1/thumb/v7e-m+fp/hard/libgcc.a
LOAD /opt/st/stm32cubeide_1.7.0/plugins/com.st.stm32cube.ide.mcu.externaltools.gnu-tools-for-stm32.9-2020-q2-update.linux64_2.0.0.202105311346/tools/bin/../lib/gcc/arm-none-eabi/9.3.1/../../../../arm-none-eabi/lib/thumb/v7e-m+fp/hard/libc_nano.a
END GROUP
START GROUP
LOAD /opt/st/stm32cubeide_1.7.0/plugins/com.st.stm32cube.ide.mcu.externaltools.gnu-tools-for-stm32.9-2020-q2-update.linux64_2.0.0.202105311346/tools/bin/../lib/gcc/arm-none-eabi/9.3.1/thumb/v7e-m+fp/hard/libgcc.a
LOAD /opt/st/stm32cubeide_1.7.0/plugins/com.st.stm32cube.ide.mcu.externaltools.gnu-tools-for-stm32.9-2020-q2-update.linux64_2.0.0.202105311346/tools/bin/../lib/gcc/arm-none-eabi/9.3.1/../../../../arm-none-eabi/lib/thumb/v7e-m+fp/hard/libc_nano.a
LOAD /opt/st/stm32cubeide_1.7.0/plugins/com.st.stm32cube.ide.mcu.externaltools.gnu-tools-for-stm32.9-2020-q2-update.linux64_2.0.0.202105311346/tools/bin/../lib/gcc/arm-none-eabi/9.3.1/../../../../arm-none-eabi/lib/thumb/v7e-m+fp/hard/libnosys.a
END GROUP
START GROUP
LOAD /opt/st/stm32cubeide_1.7.0/plugins/com.st.stm32cube.ide.mcu.externaltools.gnu-tools-for-stm32.9-2020-q2-update.linux64_2.0.0.202105311346/tools/bin/../lib/gcc/arm-none-eabi/9.3.1/thumb/v7e-m+fp/hard/libgcc.a
LOAD /opt/st/stm32cubeide_1.7.0/plugins/com.st.stm32cube.ide.mcu.externaltools.gnu-tools-for-stm32.9-2020-q2-update.linux64_2.0.0.202105311346/tools/bin/../lib/gcc/arm-none-eabi/9.3.1/../../../../arm-none-eabi/lib/thumb/v7e-m+fp/hard/libc_nano.a
LOAD /opt/st/stm32cubeide_1.7.0/plugins/com.st.stm32cube.ide.mcu.externaltools.gnu-tools-for-stm32.9-2020-q2-update.linux64_2.0.0.202105311346/tools/bin/../lib/gcc/arm-none-eabi/9.3.1/../../../../arm-none-eabi/lib/thumb/v7e-m+fp/hard/libnosys.a
END GROUP
LOAD /opt/st/stm32cubeide_1.7.0/plugins/com.st.stm32cube.ide.mcu.externaltools.gnu-tools-for-stm32.9-2020-q2-update.linux64_2.0.0.202105311346/tools/bin/../lib/gcc/arm-none-eabi/9.3.1/thumb/v7e-m+fp/hard/crtend.o
LOAD /opt/st/stm32cubeide_1.7.0/plugins/com.st.stm32cube.ide.mcu.externaltools.gnu-tools-for-stm32.9-2020-q2-update.linux64_2.0.0.202105311346/tools/bin/../lib/gcc/arm-none-eabi/9.3.1/thumb/v7e-m+fp/hard/crtn.o
                0x0000000020020000                _estack = (ORIGIN (RAM) + LENGTH (RAM))
                0x0000000000000200                _Min_Heap_Size = 0x200
                0x0000000000000400                _Min_Stack_Size = 0x400

.isr_vector     0x0000000008000000      0x188
                0x0000000008000000                . = ALIGN (0x4)
 *(.isr_vector)
 .isr_vector    0x0000000008000000      0x188 ./Core/Startup/startup_stm32f407vgtx.o
                0x0000000008000000                g_pfnVectors
                0x0000000008000188                . = ALIGN (0x4)

.text           0x0000000008000188     0x5948
                0x0000000008000188                . = ALIGN (0x4)
 *(.text)
 .text          0x0000000008000188       0x40 /opt/st/stm32cubeide_1.7.0/plugins/com.st.stm32cube.ide.mcu.externaltools.gnu-tools-for-stm32.9-2020-q2-update.linux64_2.0.0.202105311346/tools/bin/../lib/gcc/arm-none-eabi/9.3.1/thumb/v7e-m+fp/hard/crtbegin.o
 .text          0x00000000080001c8       0x30 /opt/st/stm32cubeide_1.7.0/plugins/com.st.stm32cube.ide.mcu.externaltools.gnu-tools-for-stm32.9-2020-q2-update.linux64_2.0.0.202105311346/tools/bin/../lib/gcc/arm-none-eabi/9.3.1/thumb/v7e-m+fp/hard/libgcc.a(_aeabi_uldivmod.o)
                0x00000000080001c8                __aeabi_uldivmod
 .text          0x00000000080001f8      0x2c4 /opt/st/stm32cubeide_1.7.0/plugins/com.st.stm32cube.ide.mcu.externaltools.gnu-tools-for-stm32.9-2020-q2-update.linux64_2.0.0.202105311346/tools/bin/../lib/gcc/arm-none-eabi/9.3.1/thumb/v7e-m+fp/hard/libgcc.a(_udivmoddi4.o)
                0x00000000080001f8                __udivmoddi4
 .text          0x00000000080004bc        0x4 /opt/st/stm32cubeide_1.7.0/plugins/com.st.stm32cube.ide.mcu.externaltools.gnu-tools-for-stm32.9-2020-q2-update.linux64_2.0.0.202105311346/tools/bin/../lib/gcc/arm-none-eabi/9.3.1/thumb/v7e-m+fp/hard/libgcc.a(_dvmd_tls.o)
                0x00000000080004bc                __aeabi_ldiv0
                0x00000000080004bc                __aeabi_idiv0
 *(.text*)
 .text.BuzzerBuzz
                0x00000000080004c0       0x48 ./Core/Src/buzzer.o
                0x00000000080004c0                BuzzerBuzz
 .text.BuzzerRoutine
                0x0000000008000508       0xcc ./Core/Src/buzzer.o
                0x0000000008000508                BuzzerRoutine
 .text.MX_DMA_Init
                0x00000000080005d4       0xac ./Core/Src/dma.o
                0x00000000080005d4                MX_DMA_Init
 .text.MX_GPIO_Init
                0x0000000008000680      0x1a0 ./Core/Src/gpio.o
                0x0000000008000680                MX_GPIO_Init
 .text.main     0x0000000008000820       0xd8 ./Core/Src/main.o
                0x0000000008000820                main
 .text.SystemClock_Config
                0x00000000080008f8       0xd4 ./Core/Src/main.o
                0x00000000080008f8                SystemClock_Config
 .text.HAL_UART_RxHalfCpltCallback
                0x00000000080009cc       0x74 ./Core/Src/main.o
                0x00000000080009cc                HAL_UART_RxHalfCpltCallback
 .text.HAL_UART_RxCpltCallback
                0x0000000008000a40       0x8c ./Core/Src/main.o
                0x0000000008000a40                HAL_UART_RxCpltCallback
 .text.HAL_UART_ErrorCallback
                0x0000000008000acc       0x24 ./Core/Src/main.o
                0x0000000008000acc                HAL_UART_ErrorCallback
 .text.Error_Handler
                0x0000000008000af0        0xa ./Core/Src/main.o
                0x0000000008000af0                Error_Handler
 *fill*         0x0000000008000afa        0x2 
 .text.MotorWheelsSP
                0x0000000008000afc       0xb8 ./Core/Src/motor_omni.o
                0x0000000008000afc                MotorWheelsSP
 .text.motor_omni_kontrol
                0x0000000008000bb4      0x2b0 ./Core/Src/motor_omni.o
                0x0000000008000bb4                motor_omni_kontrol
 .text.motor_omni_set_pwm
                0x0000000008000e64      0x18c ./Core/Src/motor_omni.o
                0x0000000008000e64                motor_omni_set_pwm
 .text.HAL_MspInit
                0x0000000008000ff0       0x50 ./Core/Src/stm32f4xx_hal_msp.o
                0x0000000008000ff0                HAL_MspInit
 .text.NMI_Handler
                0x0000000008001040        0x6 ./Core/Src/stm32f4xx_it.o
                0x0000000008001040                NMI_Handler
 .text.HardFault_Handler
                0x0000000008001046        0x6 ./Core/Src/stm32f4xx_it.o
                0x0000000008001046                HardFault_Handler
 .text.MemManage_Handler
                0x000000000800104c        0x6 ./Core/Src/stm32f4xx_it.o
                0x000000000800104c                MemManage_Handler
 .text.BusFault_Handler
                0x0000000008001052        0x6 ./Core/Src/stm32f4xx_it.o
                0x0000000008001052                BusFault_Handler
 .text.UsageFault_Handler
                0x0000000008001058        0x6 ./Core/Src/stm32f4xx_it.o
                0x0000000008001058                UsageFault_Handler
 .text.SVC_Handler
                0x000000000800105e        0xe ./Core/Src/stm32f4xx_it.o
                0x000000000800105e                SVC_Handler
 .text.DebugMon_Handler
                0x000000000800106c        0xe ./Core/Src/stm32f4xx_it.o
                0x000000000800106c                DebugMon_Handler
 .text.PendSV_Handler
                0x000000000800107a        0xe ./Core/Src/stm32f4xx_it.o
                0x000000000800107a                PendSV_Handler
 .text.SysTick_Handler
                0x0000000008001088        0xc ./Core/Src/stm32f4xx_it.o
                0x0000000008001088                SysTick_Handler
 .text.DMA1_Stream1_IRQHandler
                0x0000000008001094       0x14 ./Core/Src/stm32f4xx_it.o
                0x0000000008001094                DMA1_Stream1_IRQHandler
 .text.DMA1_Stream3_IRQHandler
                0x00000000080010a8       0x14 ./Core/Src/stm32f4xx_it.o
                0x00000000080010a8                DMA1_Stream3_IRQHandler
 .text.DMA1_Stream5_IRQHandler
                0x00000000080010bc       0x14 ./Core/Src/stm32f4xx_it.o
                0x00000000080010bc                DMA1_Stream5_IRQHandler
 .text.DMA1_Stream6_IRQHandler
                0x00000000080010d0       0x14 ./Core/Src/stm32f4xx_it.o
                0x00000000080010d0                DMA1_Stream6_IRQHandler
 .text.USART1_IRQHandler
                0x00000000080010e4       0x14 ./Core/Src/stm32f4xx_it.o
                0x00000000080010e4                USART1_IRQHandler
 .text.USART3_IRQHandler
                0x00000000080010f8       0x14 ./Core/Src/stm32f4xx_it.o
                0x00000000080010f8                USART3_IRQHandler
 .text.TIM6_DAC_IRQHandler
                0x000000000800110c       0x9c ./Core/Src/stm32f4xx_it.o
                0x000000000800110c                TIM6_DAC_IRQHandler
 .text.TIM7_IRQHandler
                0x00000000080011a8       0x18 ./Core/Src/stm32f4xx_it.o
                0x00000000080011a8                TIM7_IRQHandler
 .text.DMA2_Stream2_IRQHandler
                0x00000000080011c0       0x14 ./Core/Src/stm32f4xx_it.o
                0x00000000080011c0                DMA2_Stream2_IRQHandler
 .text.DMA2_Stream7_IRQHandler
                0x00000000080011d4       0x14 ./Core/Src/stm32f4xx_it.o
                0x00000000080011d4                DMA2_Stream7_IRQHandler
 .text.SystemInit
                0x00000000080011e8       0x24 ./Core/Src/system_stm32f4xx.o
                0x00000000080011e8                SystemInit
 .text.MX_TIM2_Init
                0x000000000800120c       0xa8 ./Core/Src/tim.o
                0x000000000800120c                MX_TIM2_Init
 .text.MX_TIM3_Init
                0x00000000080012b4       0xa8 ./Core/Src/tim.o
                0x00000000080012b4                MX_TIM3_Init
 .text.MX_TIM4_Init
                0x000000000800135c       0xa8 ./Core/Src/tim.o
                0x000000000800135c                MX_TIM4_Init
 .text.MX_TIM5_Init
                0x0000000008001404       0xa8 ./Core/Src/tim.o
                0x0000000008001404                MX_TIM5_Init
 .text.MX_TIM6_Init
                0x00000000080014ac       0x6c ./Core/Src/tim.o
                0x00000000080014ac                MX_TIM6_Init
 .text.MX_TIM7_Init
                0x0000000008001518       0x6c ./Core/Src/tim.o
                0x0000000008001518                MX_TIM7_Init
 .text.MX_TIM9_Init
                0x0000000008001584       0x8c ./Core/Src/tim.o
                0x0000000008001584                MX_TIM9_Init
 .text.MX_TIM11_Init
                0x0000000008001610       0x9c ./Core/Src/tim.o
                0x0000000008001610                MX_TIM11_Init
 .text.MX_TIM13_Init
                0x00000000080016ac       0x9c ./Core/Src/tim.o
                0x00000000080016ac                MX_TIM13_Init
 .text.MX_TIM14_Init
                0x0000000008001748       0x9c ./Core/Src/tim.o
                0x0000000008001748                MX_TIM14_Init
 .text.HAL_TIM_Encoder_MspInit
                0x00000000080017e4      0x204 ./Core/Src/tim.o
                0x00000000080017e4                HAL_TIM_Encoder_MspInit
 .text.HAL_TIM_Base_MspInit
                0x00000000080019e8      0x110 ./Core/Src/tim.o
                0x00000000080019e8                HAL_TIM_Base_MspInit
 .text.HAL_TIM_PWM_MspInit
                0x0000000008001af8       0x44 ./Core/Src/tim.o
                0x0000000008001af8                HAL_TIM_PWM_MspInit
 .text.HAL_TIM_MspPostInit
                0x0000000008001b3c      0x160 ./Core/Src/tim.o
                0x0000000008001b3c                HAL_TIM_MspPostInit
 .text.MX_USART1_UART_Init
                0x0000000008001c9c       0x54 ./Core/Src/usart.o
                0x0000000008001c9c                MX_USART1_UART_Init
 .text.MX_USART2_UART_Init
                0x0000000008001cf0       0x54 ./Core/Src/usart.o
                0x0000000008001cf0                MX_USART2_UART_Init
 .text.MX_USART3_UART_Init
                0x0000000008001d44       0x54 ./Core/Src/usart.o
                0x0000000008001d44                MX_USART3_UART_Init
 .text.HAL_UART_MspInit
                0x0000000008001d98      0x47c ./Core/Src/usart.o
                0x0000000008001d98                HAL_UART_MspInit
 .text.Reset_Handler
                0x0000000008002214       0x50 ./Core/Startup/startup_stm32f407vgtx.o
                0x0000000008002214                Reset_Handler
 .text.Default_Handler
                0x0000000008002264        0x2 ./Core/Startup/startup_stm32f407vgtx.o
                0x0000000008002264                RTC_Alarm_IRQHandler
                0x0000000008002264                HASH_RNG_IRQHandler
                0x0000000008002264                EXTI2_IRQHandler
                0x0000000008002264                TIM8_CC_IRQHandler
                0x0000000008002264                TIM1_CC_IRQHandler
                0x0000000008002264                DMA2_Stream5_IRQHandler
                0x0000000008002264                PVD_IRQHandler
                0x0000000008002264                SDIO_IRQHandler
                0x0000000008002264                TAMP_STAMP_IRQHandler
                0x0000000008002264                CAN2_RX1_IRQHandler
                0x0000000008002264                EXTI3_IRQHandler
                0x0000000008002264                TIM8_TRG_COM_TIM14_IRQHandler
                0x0000000008002264                TIM1_UP_TIM10_IRQHandler
                0x0000000008002264                TIM8_UP_TIM13_IRQHandler
                0x0000000008002264                I2C3_ER_IRQHandler
                0x0000000008002264                EXTI0_IRQHandler
                0x0000000008002264                I2C2_EV_IRQHandler
                0x0000000008002264                DMA1_Stream2_IRQHandler
                0x0000000008002264                CAN1_RX0_IRQHandler
                0x0000000008002264                FPU_IRQHandler
                0x0000000008002264                OTG_HS_WKUP_IRQHandler
                0x0000000008002264                CAN2_SCE_IRQHandler
                0x0000000008002264                SPI1_IRQHandler
                0x0000000008002264                TIM1_BRK_TIM9_IRQHandler
                0x0000000008002264                DCMI_IRQHandler
                0x0000000008002264                CAN2_RX0_IRQHandler
                0x0000000008002264                DMA2_Stream3_IRQHandler
                0x0000000008002264                USART6_IRQHandler
                0x0000000008002264                CAN1_RX1_IRQHandler
                0x0000000008002264                UART5_IRQHandler
                0x0000000008002264                DMA2_Stream0_IRQHandler
                0x0000000008002264                TIM4_IRQHandler
                0x0000000008002264                I2C1_EV_IRQHandler
                0x0000000008002264                UART4_IRQHandler
                0x0000000008002264                TIM3_IRQHandler
                0x0000000008002264                RCC_IRQHandler
                0x0000000008002264                TIM8_BRK_TIM12_IRQHandler
                0x0000000008002264                Default_Handler
                0x0000000008002264                EXTI15_10_IRQHandler
                0x0000000008002264                ADC_IRQHandler
                0x0000000008002264                DMA1_Stream7_IRQHandler
                0x0000000008002264                CAN2_TX_IRQHandler
                0x0000000008002264                TIM5_IRQHandler
                0x0000000008002264                I2C3_EV_IRQHandler
                0x0000000008002264                EXTI9_5_IRQHandler
                0x0000000008002264                RTC_WKUP_IRQHandler
                0x0000000008002264                ETH_WKUP_IRQHandler
                0x0000000008002264                SPI2_IRQHandler
                0x0000000008002264                OTG_HS_EP1_IN_IRQHandler
                0x0000000008002264                DMA1_Stream0_IRQHandler
                0x0000000008002264                CAN1_TX_IRQHandler
                0x0000000008002264                EXTI4_IRQHandler
                0x0000000008002264                FSMC_IRQHandler
                0x0000000008002264                ETH_IRQHandler
                0x0000000008002264                OTG_HS_EP1_OUT_IRQHandler
                0x0000000008002264                WWDG_IRQHandler
                0x0000000008002264                TIM2_IRQHandler
                0x0000000008002264                OTG_FS_WKUP_IRQHandler
                0x0000000008002264                TIM1_TRG_COM_TIM11_IRQHandler
                0x0000000008002264                OTG_HS_IRQHandler
                0x0000000008002264                EXTI1_IRQHandler
                0x0000000008002264                USART2_IRQHandler
                0x0000000008002264                I2C2_ER_IRQHandler
                0x0000000008002264                DMA2_Stream1_IRQHandler
                0x0000000008002264                CAN1_SCE_IRQHandler
                0x0000000008002264                FLASH_IRQHandler
                0x0000000008002264                DMA2_Stream4_IRQHandler
                0x0000000008002264                OTG_FS_IRQHandler
                0x0000000008002264                SPI3_IRQHandler
                0x0000000008002264                DMA1_Stream4_IRQHandler
                0x0000000008002264                I2C1_ER_IRQHandler
                0x0000000008002264                DMA2_Stream6_IRQHandler
 *fill*         0x0000000008002266        0x2 
 .text.HAL_Init
                0x0000000008002268       0x44 ./Drivers/STM32F4xx_HAL_Driver/Src/stm32f4xx_hal.o
                0x0000000008002268                HAL_Init
 .text.HAL_InitTick
                0x00000000080022ac       0x60 ./Drivers/STM32F4xx_HAL_Driver/Src/stm32f4xx_hal.o
                0x00000000080022ac                HAL_InitTick
 .text.HAL_IncTick
                0x000000000800230c       0x28 ./Drivers/STM32F4xx_HAL_Driver/Src/stm32f4xx_hal.o
                0x000000000800230c                HAL_IncTick
 .text.HAL_GetTick
                0x0000000008002334       0x18 ./Drivers/STM32F4xx_HAL_Driver/Src/stm32f4xx_hal.o
                0x0000000008002334                HAL_GetTick
 .text.__NVIC_SetPriorityGrouping
                0x000000000800234c       0x48 ./Drivers/STM32F4xx_HAL_Driver/Src/stm32f4xx_hal_cortex.o
 .text.__NVIC_GetPriorityGrouping
                0x0000000008002394       0x1c ./Drivers/STM32F4xx_HAL_Driver/Src/stm32f4xx_hal_cortex.o
 .text.__NVIC_EnableIRQ
                0x00000000080023b0       0x3c ./Drivers/STM32F4xx_HAL_Driver/Src/stm32f4xx_hal_cortex.o
 .text.__NVIC_SetPriority
                0x00000000080023ec       0x54 ./Drivers/STM32F4xx_HAL_Driver/Src/stm32f4xx_hal_cortex.o
 .text.NVIC_EncodePriority
                0x0000000008002440       0x66 ./Drivers/STM32F4xx_HAL_Driver/Src/stm32f4xx_hal_cortex.o
 *fill*         0x00000000080024a6        0x2 
 .text.SysTick_Config
                0x00000000080024a8       0x44 ./Drivers/STM32F4xx_HAL_Driver/Src/stm32f4xx_hal_cortex.o
 .text.HAL_NVIC_SetPriorityGrouping
                0x00000000080024ec       0x16 ./Drivers/STM32F4xx_HAL_Driver/Src/stm32f4xx_hal_cortex.o
                0x00000000080024ec                HAL_NVIC_SetPriorityGrouping
 .text.HAL_NVIC_SetPriority
                0x0000000008002502       0x38 ./Drivers/STM32F4xx_HAL_Driver/Src/stm32f4xx_hal_cortex.o
                0x0000000008002502                HAL_NVIC_SetPriority
 .text.HAL_NVIC_EnableIRQ
                0x000000000800253a       0x1c ./Drivers/STM32F4xx_HAL_Driver/Src/stm32f4xx_hal_cortex.o
                0x000000000800253a                HAL_NVIC_EnableIRQ
 .text.HAL_SYSTICK_Config
                0x0000000008002556       0x18 ./Drivers/STM32F4xx_HAL_Driver/Src/stm32f4xx_hal_cortex.o
                0x0000000008002556                HAL_SYSTICK_Config
 *fill*         0x000000000800256e        0x2 
 .text.HAL_DMA_Init
                0x0000000008002570      0x15c ./Drivers/STM32F4xx_HAL_Driver/Src/stm32f4xx_hal_dma.o
                0x0000000008002570                HAL_DMA_Init
 .text.HAL_DMA_Start_IT
                0x00000000080026cc       0xb0 ./Drivers/STM32F4xx_HAL_Driver/Src/stm32f4xx_hal_dma.o
                0x00000000080026cc                HAL_DMA_Start_IT
 .text.HAL_DMA_Abort
                0x000000000800277c       0xe0 ./Drivers/STM32F4xx_HAL_Driver/Src/stm32f4xx_hal_dma.o
                0x000000000800277c                HAL_DMA_Abort
 .text.HAL_DMA_Abort_IT
                0x000000000800285c       0x44 ./Drivers/STM32F4xx_HAL_Driver/Src/stm32f4xx_hal_dma.o
                0x000000000800285c                HAL_DMA_Abort_IT
 .text.HAL_DMA_IRQHandler
                0x00000000080028a0      0x314 ./Drivers/STM32F4xx_HAL_Driver/Src/stm32f4xx_hal_dma.o
                0x00000000080028a0                HAL_DMA_IRQHandler
 .text.DMA_SetConfig
                0x0000000008002bb4       0x5c ./Drivers/STM32F4xx_HAL_Driver/Src/stm32f4xx_hal_dma.o
 .text.DMA_CalcBaseAndBitshift
                0x0000000008002c10       0x6c ./Drivers/STM32F4xx_HAL_Driver/Src/stm32f4xx_hal_dma.o
 .text.DMA_CheckFifoParam
                0x0000000008002c7c       0xf8 ./Drivers/STM32F4xx_HAL_Driver/Src/stm32f4xx_hal_dma.o
 .text.HAL_GPIO_Init
                0x0000000008002d74      0x338 ./Drivers/STM32F4xx_HAL_Driver/Src/stm32f4xx_hal_gpio.o
                0x0000000008002d74                HAL_GPIO_Init
 .text.HAL_GPIO_WritePin
                0x00000000080030ac       0x32 ./Drivers/STM32F4xx_HAL_Driver/Src/stm32f4xx_hal_gpio.o
                0x00000000080030ac                HAL_GPIO_WritePin
 *fill*         0x00000000080030de        0x2 
 .text.HAL_RCC_OscConfig
                0x00000000080030e0      0x4f0 ./Drivers/STM32F4xx_HAL_Driver/Src/stm32f4xx_hal_rcc.o
                0x00000000080030e0                HAL_RCC_OscConfig
 .text.HAL_RCC_ClockConfig
                0x00000000080035d0      0x1cc ./Drivers/STM32F4xx_HAL_Driver/Src/stm32f4xx_hal_rcc.o
                0x00000000080035d0                HAL_RCC_ClockConfig
 .text.HAL_RCC_GetSysClockFreq
                0x000000000800379c      0x1c4 ./Drivers/STM32F4xx_HAL_Driver/Src/stm32f4xx_hal_rcc.o
                0x000000000800379c                HAL_RCC_GetSysClockFreq
 .text.HAL_RCC_GetHCLKFreq
                0x0000000008003960       0x18 ./Drivers/STM32F4xx_HAL_Driver/Src/stm32f4xx_hal_rcc.o
                0x0000000008003960                HAL_RCC_GetHCLKFreq
 .text.HAL_RCC_GetPCLK1Freq
                0x0000000008003978       0x28 ./Drivers/STM32F4xx_HAL_Driver/Src/stm32f4xx_hal_rcc.o
                0x0000000008003978                HAL_RCC_GetPCLK1Freq
 .text.HAL_RCC_GetPCLK2Freq
                0x00000000080039a0       0x28 ./Drivers/STM32F4xx_HAL_Driver/Src/stm32f4xx_hal_rcc.o
                0x00000000080039a0                HAL_RCC_GetPCLK2Freq
 .text.HAL_TIM_Base_Init
                0x00000000080039c8       0x9e ./Drivers/STM32F4xx_HAL_Driver/Src/stm32f4xx_hal_tim.o
                0x00000000080039c8                HAL_TIM_Base_Init
 *fill*         0x0000000008003a66        0x2 
 .text.HAL_TIM_Base_Start_IT
                0x0000000008003a68       0xe0 ./Drivers/STM32F4xx_HAL_Driver/Src/stm32f4xx_hal_tim.o
                0x0000000008003a68                HAL_TIM_Base_Start_IT
 .text.HAL_TIM_PWM_Init
                0x0000000008003b48       0x9e ./Drivers/STM32F4xx_HAL_Driver/Src/stm32f4xx_hal_tim.o
                0x0000000008003b48                HAL_TIM_PWM_Init
 *fill*         0x0000000008003be6        0x2 
 .text.HAL_TIM_PWM_Start
                0x0000000008003be8      0x190 ./Drivers/STM32F4xx_HAL_Driver/Src/stm32f4xx_hal_tim.o
                0x0000000008003be8                HAL_TIM_PWM_Start
 .text.HAL_TIM_Encoder_Init
                0x0000000008003d78      0x14c ./Drivers/STM32F4xx_HAL_Driver/Src/stm32f4xx_hal_tim.o
                0x0000000008003d78                HAL_TIM_Encoder_Init
 .text.HAL_TIM_Encoder_Start
                0x0000000008003ec4      0x11c ./Drivers/STM32F4xx_HAL_Driver/Src/stm32f4xx_hal_tim.o
                0x0000000008003ec4                HAL_TIM_Encoder_Start
 .text.HAL_TIM_IRQHandler
                0x0000000008003fe0      0x210 ./Drivers/STM32F4xx_HAL_Driver/Src/stm32f4xx_hal_tim.o
                0x0000000008003fe0                HAL_TIM_IRQHandler
 .text.HAL_TIM_PWM_ConfigChannel
                0x00000000080041f0      0x184 ./Drivers/STM32F4xx_HAL_Driver/Src/stm32f4xx_hal_tim.o
                0x00000000080041f0                HAL_TIM_PWM_ConfigChannel
 .text.HAL_TIM_PeriodElapsedCallback
                0x0000000008004374       0x14 ./Drivers/STM32F4xx_HAL_Driver/Src/stm32f4xx_hal_tim.o
                0x0000000008004374                HAL_TIM_PeriodElapsedCallback
 .text.HAL_TIM_OC_DelayElapsedCallback
                0x0000000008004388       0x14 ./Drivers/STM32F4xx_HAL_Driver/Src/stm32f4xx_hal_tim.o
                0x0000000008004388                HAL_TIM_OC_DelayElapsedCallback
 .text.HAL_TIM_IC_CaptureCallback
                0x000000000800439c       0x14 ./Drivers/STM32F4xx_HAL_Driver/Src/stm32f4xx_hal_tim.o
                0x000000000800439c                HAL_TIM_IC_CaptureCallback
 .text.HAL_TIM_PWM_PulseFinishedCallback
                0x00000000080043b0       0x14 ./Drivers/STM32F4xx_HAL_Driver/Src/stm32f4xx_hal_tim.o
                0x00000000080043b0                HAL_TIM_PWM_PulseFinishedCallback
 .text.HAL_TIM_TriggerCallback
                0x00000000080043c4       0x14 ./Drivers/STM32F4xx_HAL_Driver/Src/stm32f4xx_hal_tim.o
                0x00000000080043c4                HAL_TIM_TriggerCallback
 .text.TIM_Base_SetConfig
                0x00000000080043d8      0x140 ./Drivers/STM32F4xx_HAL_Driver/Src/stm32f4xx_hal_tim.o
                0x00000000080043d8                TIM_Base_SetConfig
 .text.TIM_OC1_SetConfig
                0x0000000008004518       0xe0 ./Drivers/STM32F4xx_HAL_Driver/Src/stm32f4xx_hal_tim.o
 .text.TIM_OC2_SetConfig
                0x00000000080045f8       0xec ./Drivers/STM32F4xx_HAL_Driver/Src/stm32f4xx_hal_tim.o
                0x00000000080045f8                TIM_OC2_SetConfig
 .text.TIM_OC3_SetConfig
                0x00000000080046e4       0xe8 ./Drivers/STM32F4xx_HAL_Driver/Src/stm32f4xx_hal_tim.o
 .text.TIM_OC4_SetConfig
                0x00000000080047cc       0xac ./Drivers/STM32F4xx_HAL_Driver/Src/stm32f4xx_hal_tim.o
 .text.TIM_CCxChannelCmd
                0x0000000008004878       0x4a ./Drivers/STM32F4xx_HAL_Driver/Src/stm32f4xx_hal_tim.o
                0x0000000008004878                TIM_CCxChannelCmd
 *fill*         0x00000000080048c2        0x2 
 .text.HAL_TIMEx_MasterConfigSynchronization
                0x00000000080048c4       0xf8 ./Drivers/STM32F4xx_HAL_Driver/Src/stm32f4xx_hal_tim_ex.o
                0x00000000080048c4                HAL_TIMEx_MasterConfigSynchronization
 .text.HAL_TIMEx_CommutCallback
                0x00000000080049bc       0x14 ./Drivers/STM32F4xx_HAL_Driver/Src/stm32f4xx_hal_tim_ex.o
                0x00000000080049bc                HAL_TIMEx_CommutCallback
 .text.HAL_TIMEx_BreakCallback
                0x00000000080049d0       0x14 ./Drivers/STM32F4xx_HAL_Driver/Src/stm32f4xx_hal_tim_ex.o
                0x00000000080049d0                HAL_TIMEx_BreakCallback
 .text.HAL_UART_Init
                0x00000000080049e4       0x9a ./Drivers/STM32F4xx_HAL_Driver/Src/stm32f4xx_hal_uart.o
                0x00000000080049e4                HAL_UART_Init
 .text.HAL_UART_Receive_DMA
                0x0000000008004a7e       0x60 ./Drivers/STM32F4xx_HAL_Driver/Src/stm32f4xx_hal_uart.o
                0x0000000008004a7e                HAL_UART_Receive_DMA
 *fill*         0x0000000008004ade        0x2 
 .text.HAL_UART_IRQHandler
                0x0000000008004ae0      0x51c ./Drivers/STM32F4xx_HAL_Driver/Src/stm32f4xx_hal_uart.o
                0x0000000008004ae0                HAL_UART_IRQHandler
 .text.HAL_UART_TxCpltCallback
                0x0000000008004ffc       0x14 ./Drivers/STM32F4xx_HAL_Driver/Src/stm32f4xx_hal_uart.o
                0x0000000008004ffc                HAL_UART_TxCpltCallback
 .text.HAL_UARTEx_RxEventCallback
                0x0000000008005010       0x18 ./Drivers/STM32F4xx_HAL_Driver/Src/stm32f4xx_hal_uart.o
                0x0000000008005010                HAL_UARTEx_RxEventCallback
 .text.UART_DMAReceiveCplt
                0x0000000008005028      0x126 ./Drivers/STM32F4xx_HAL_Driver/Src/stm32f4xx_hal_uart.o
 .text.UART_DMARxHalfCplt
                0x000000000800514e       0x36 ./Drivers/STM32F4xx_HAL_Driver/Src/stm32f4xx_hal_uart.o
 .text.UART_DMAError
                0x0000000008005184       0x94 ./Drivers/STM32F4xx_HAL_Driver/Src/stm32f4xx_hal_uart.o
 .text.UART_Start_Receive_DMA
                0x0000000008005218      0x134 ./Drivers/STM32F4xx_HAL_Driver/Src/stm32f4xx_hal_uart.o
                0x0000000008005218                UART_Start_Receive_DMA
 .text.UART_EndTxTransfer
                0x000000000800534c       0x50 ./Drivers/STM32F4xx_HAL_Driver/Src/stm32f4xx_hal_uart.o
 .text.UART_EndRxTransfer
                0x000000000800539c       0xc6 ./Drivers/STM32F4xx_HAL_Driver/Src/stm32f4xx_hal_uart.o
 .text.UART_DMAAbortOnError
                0x0000000008005462       0x28 ./Drivers/STM32F4xx_HAL_Driver/Src/stm32f4xx_hal_uart.o
 .text.UART_Transmit_IT
                0x000000000800548a       0xa0 ./Drivers/STM32F4xx_HAL_Driver/Src/stm32f4xx_hal_uart.o
 .text.UART_EndTransmit_IT
                0x000000000800552a       0x30 ./Drivers/STM32F4xx_HAL_Driver/Src/stm32f4xx_hal_uart.o
 .text.UART_Receive_IT
                0x000000000800555a      0x176 ./Drivers/STM32F4xx_HAL_Driver/Src/stm32f4xx_hal_uart.o
 .text.UART_SetConfig
                0x00000000080056d0      0x390 ./Drivers/STM32F4xx_HAL_Driver/Src/stm32f4xx_hal_uart.o
 .text.__libc_init_array
                0x0000000008005a60       0x48 /opt/st/stm32cubeide_1.7.0/plugins/com.st.stm32cube.ide.mcu.externaltools.gnu-tools-for-stm32.9-2020-q2-update.linux64_2.0.0.202105311346/tools/bin/../lib/gcc/arm-none-eabi/9.3.1/../../../../arm-none-eabi/lib/thumb/v7e-m+fp/hard/libc_nano.a(lib_a-init.o)
                0x0000000008005a60                __libc_init_array
 .text.memset   0x0000000008005aa8       0x10 /opt/st/stm32cubeide_1.7.0/plugins/com.st.stm32cube.ide.mcu.externaltools.gnu-tools-for-stm32.9-2020-q2-update.linux64_2.0.0.202105311346/tools/bin/../lib/gcc/arm-none-eabi/9.3.1/../../../../arm-none-eabi/lib/thumb/v7e-m+fp/hard/libc_nano.a(lib_a-memset.o)
                0x0000000008005aa8                memset
 *(.glue_7)
 .glue_7        0x0000000008005ab8        0x0 linker stubs
 *(.glue_7t)
 .glue_7t       0x0000000008005ab8        0x0 linker stubs
 *(.eh_frame)
 .eh_frame      0x0000000008005ab8        0x0 /opt/st/stm32cubeide_1.7.0/plugins/com.st.stm32cube.ide.mcu.externaltools.gnu-tools-for-stm32.9-2020-q2-update.linux64_2.0.0.202105311346/tools/bin/../lib/gcc/arm-none-eabi/9.3.1/thumb/v7e-m+fp/hard/crtbegin.o
 *(.init)
 .init          0x0000000008005ab8        0x4 /opt/st/stm32cubeide_1.7.0/plugins/com.st.stm32cube.ide.mcu.externaltools.gnu-tools-for-stm32.9-2020-q2-update.linux64_2.0.0.202105311346/tools/bin/../lib/gcc/arm-none-eabi/9.3.1/thumb/v7e-m+fp/hard/crti.o
                0x0000000008005ab8                _init
 .init          0x0000000008005abc        0x8 /opt/st/stm32cubeide_1.7.0/plugins/com.st.stm32cube.ide.mcu.externaltools.gnu-tools-for-stm32.9-2020-q2-update.linux64_2.0.0.202105311346/tools/bin/../lib/gcc/arm-none-eabi/9.3.1/thumb/v7e-m+fp/hard/crtn.o
 *(.fini)
 .fini          0x0000000008005ac4        0x4 /opt/st/stm32cubeide_1.7.0/plugins/com.st.stm32cube.ide.mcu.externaltools.gnu-tools-for-stm32.9-2020-q2-update.linux64_2.0.0.202105311346/tools/bin/../lib/gcc/arm-none-eabi/9.3.1/thumb/v7e-m+fp/hard/crti.o
                0x0000000008005ac4                _fini
 .fini          0x0000000008005ac8        0x8 /opt/st/stm32cubeide_1.7.0/plugins/com.st.stm32cube.ide.mcu.externaltools.gnu-tools-for-stm32.9-2020-q2-update.linux64_2.0.0.202105311346/tools/bin/../lib/gcc/arm-none-eabi/9.3.1/thumb/v7e-m+fp/hard/crtn.o
                0x0000000008005ad0                . = ALIGN (0x4)
                0x0000000008005ad0                _etext = .

.vfp11_veneer   0x0000000008005ad0        0x0
 .vfp11_veneer  0x0000000008005ad0        0x0 linker stubs

.v4_bx          0x0000000008005ad0        0x0
 .v4_bx         0x0000000008005ad0        0x0 linker stubs

.iplt           0x0000000008005ad0        0x0
 .iplt          0x0000000008005ad0        0x0 /opt/st/stm32cubeide_1.7.0/plugins/com.st.stm32cube.ide.mcu.externaltools.gnu-tools-for-stm32.9-2020-q2-update.linux64_2.0.0.202105311346/tools/bin/../lib/gcc/arm-none-eabi/9.3.1/thumb/v7e-m+fp/hard/crtbegin.o

.rodata         0x0000000008005ad0       0x20
                0x0000000008005ad0                . = ALIGN (0x4)
 *(.rodata)
 *(.rodata*)
 .rodata.AHBPrescTable
                0x0000000008005ad0       0x10 ./Core/Src/system_stm32f4xx.o
                0x0000000008005ad0                AHBPrescTable
 .rodata.APBPrescTable
                0x0000000008005ae0        0x8 ./Core/Src/system_stm32f4xx.o
                0x0000000008005ae0                APBPrescTable
 .rodata.flagBitshiftOffset.8311
                0x0000000008005ae8        0x8 ./Drivers/STM32F4xx_HAL_Driver/Src/stm32f4xx_hal_dma.o
                0x0000000008005af0                . = ALIGN (0x4)

.ARM.extab      0x0000000008005af0        0x0
                0x0000000008005af0                . = ALIGN (0x4)
 *(.ARM.extab* .gnu.linkonce.armextab.*)
                0x0000000008005af0                . = ALIGN (0x4)

.ARM            0x0000000008005af0        0x8
                0x0000000008005af0                . = ALIGN (0x4)
                0x0000000008005af0                __exidx_start = .
 *(.ARM.exidx*)
 .ARM.exidx     0x0000000008005af0        0x8 /opt/st/stm32cubeide_1.7.0/plugins/com.st.stm32cube.ide.mcu.externaltools.gnu-tools-for-stm32.9-2020-q2-update.linux64_2.0.0.202105311346/tools/bin/../lib/gcc/arm-none-eabi/9.3.1/thumb/v7e-m+fp/hard/libgcc.a(_udivmoddi4.o)
                0x0000000008005af8                __exidx_end = .
                0x0000000008005af8                . = ALIGN (0x4)

.rel.dyn        0x0000000008005af8        0x0
 .rel.iplt      0x0000000008005af8        0x0 /opt/st/stm32cubeide_1.7.0/plugins/com.st.stm32cube.ide.mcu.externaltools.gnu-tools-for-stm32.9-2020-q2-update.linux64_2.0.0.202105311346/tools/bin/../lib/gcc/arm-none-eabi/9.3.1/thumb/v7e-m+fp/hard/crtbegin.o

.preinit_array  0x0000000008005af8        0x0
                0x0000000008005af8                . = ALIGN (0x4)
                0x0000000008005af8                PROVIDE (__preinit_array_start = .)
 *(.preinit_array*)
                0x0000000008005af8                PROVIDE (__preinit_array_end = .)
                0x0000000008005af8                . = ALIGN (0x4)

.init_array     0x0000000008005af8        0x4
                0x0000000008005af8                . = ALIGN (0x4)
                0x0000000008005af8                PROVIDE (__init_array_start = .)
 *(SORT_BY_NAME(.init_array.*))
 *(.init_array*)
 .init_array    0x0000000008005af8        0x4 /opt/st/stm32cubeide_1.7.0/plugins/com.st.stm32cube.ide.mcu.externaltools.gnu-tools-for-stm32.9-2020-q2-update.linux64_2.0.0.202105311346/tools/bin/../lib/gcc/arm-none-eabi/9.3.1/thumb/v7e-m+fp/hard/crtbegin.o
                0x0000000008005afc                PROVIDE (__init_array_end = .)
                0x0000000008005afc                . = ALIGN (0x4)

.fini_array     0x0000000008005afc        0x4
                0x0000000008005afc                . = ALIGN (0x4)
                [!provide]                        PROVIDE (__fini_array_start = .)
 *(SORT_BY_NAME(.fini_array.*))
 *(.fini_array*)
 .fini_array    0x0000000008005afc        0x4 /opt/st/stm32cubeide_1.7.0/plugins/com.st.stm32cube.ide.mcu.externaltools.gnu-tools-for-stm32.9-2020-q2-update.linux64_2.0.0.202105311346/tools/bin/../lib/gcc/arm-none-eabi/9.3.1/thumb/v7e-m+fp/hard/crtbegin.o
                [!provide]                        PROVIDE (__fini_array_end = .)
                0x0000000008005b00                . = ALIGN (0x4)
                0x0000000008005b00                _sidata = LOADADDR (.data)

.data           0x0000000020000000       0x5c load address 0x0000000008005b00
                0x0000000020000000                . = ALIGN (0x4)
                0x0000000020000000                _sdata = .
 *(.data)
 *(.data*)
 .data.kp_kontrol_motor
                0x0000000020000000       0x10 ./Core/Src/motor_omni.o
                0x0000000020000000                kp_kontrol_motor
 .data.ki_kontrol_motor
                0x0000000020000010       0x10 ./Core/Src/motor_omni.o
                0x0000000020000010                ki_kontrol_motor
 .data.kineMatrix
                0x0000000020000020       0x30 ./Core/Src/motor_omni.o
                0x0000000020000020                kineMatrix
 .data.SystemCoreClock
                0x0000000020000050        0x4 ./Core/Src/system_stm32f4xx.o
                0x0000000020000050                SystemCoreClock
 .data.uwTickPrio
                0x0000000020000054        0x4 ./Drivers/STM32F4xx_HAL_Driver/Src/stm32f4xx_hal.o
                0x0000000020000054                uwTickPrio
 .data.uwTickFreq
                0x0000000020000058        0x1 ./Drivers/STM32F4xx_HAL_Driver/Src/stm32f4xx_hal.o
                0x0000000020000058                uwTickFreq
 *(.RamFunc)
 *(.RamFunc*)
                0x000000002000005c                . = ALIGN (0x4)
 *fill*         0x0000000020000059        0x3 
                0x000000002000005c                _edata = .
                0x0000000008005b5c                _siccmram = LOADADDR (.ccmram)

.igot.plt       0x000000002000005c        0x0 load address 0x0000000008005b5c
 .igot.plt      0x000000002000005c        0x0 /opt/st/stm32cubeide_1.7.0/plugins/com.st.stm32cube.ide.mcu.externaltools.gnu-tools-for-stm32.9-2020-q2-update.linux64_2.0.0.202105311346/tools/bin/../lib/gcc/arm-none-eabi/9.3.1/thumb/v7e-m+fp/hard/crtbegin.o

.ccmram         0x0000000010000000        0x0 load address 0x0000000008005b5c
                0x0000000010000000                . = ALIGN (0x4)
                0x0000000010000000                _sccmram = .
 *(.ccmram)
 *(.ccmram*)
                0x0000000010000000                . = ALIGN (0x4)
                0x0000000010000000                _eccmram = .
                0x0000000010000000                . = ALIGN (0x4)

.bss            0x000000002000005c      0x6ec
                0x000000002000005c                _sbss = .
                0x000000002000005c                __bss_start__ = _sbss
 *(.bss)
 .bss           0x000000002000005c       0x1c /opt/st/stm32cubeide_1.7.0/plugins/com.st.stm32cube.ide.mcu.externaltools.gnu-tools-for-stm32.9-2020-q2-update.linux64_2.0.0.202105311346/tools/bin/../lib/gcc/arm-none-eabi/9.3.1/thumb/v7e-m+fp/hard/crtbegin.o
 *(.bss*)
 .bss.buzzerStatus
                0x0000000020000078        0x1 ./Core/Src/buzzer.o
                0x0000000020000078                buzzerStatus
 *fill*         0x0000000020000079        0x1 
 .bss.buzzerIteration
                0x000000002000007a        0x2 ./Core/Src/buzzer.o
                0x000000002000007a                buzzerIteration
 .bss.buzzerTime
                0x000000002000007c        0x2 ./Core/Src/buzzer.o
                0x000000002000007c                buzzerTime
 .bss.buzzerNumber
                0x000000002000007e        0x2 ./Core/Src/buzzer.o
                0x000000002000007e                buzzerNumber
 .bss.kd_kontrol_motor
                0x0000000020000080       0x10 ./Core/Src/motor_omni.o
                0x0000000020000080                kd_kontrol_motor
 *(COMMON)
 COMMON         0x0000000020000090       0x8c ./Core/Src/main.o
                0x0000000020000090                enc_omni
                0x0000000020000098                uart1_data
                0x000000002000009a                counter3
                0x000000002000009c                globalSpeedOut
                0x00000000200000a4                Motor_Speed_Target
                0x00000000200000ac                Motor_Omni_PWM
                0x00000000200000b4                uart1_terima
                0x00000000200000b8                print_outputPWM
                0x00000000200000c0                speed_z
                0x00000000200000c2                counter
                0x00000000200000c4                speed_y
                0x00000000200000c8                terimaMaster
                0x00000000200000e7                uart1_status
                0x00000000200000e8                coba_motor
                0x00000000200000f0                motor_omni_speed_kontrol
                0x0000000020000100                motor_speed_target
                0x0000000020000108                global_motor_speed_target
                0x0000000020000118                speed_x
                0x000000002000011a                counter2
 COMMON         0x000000002000011c       0x4c ./Core/Src/motor_omni.o
                0x000000002000011c                integral_motor
                0x000000002000012c                offsetRad
                0x0000000020000130                sum_error_motor
                0x0000000020000138                derivative_motor
                0x0000000020000148                previous_error_motor
                0x0000000020000150                proportional_motor
                0x0000000020000160                error_motor
 COMMON         0x0000000020000168      0x2d0 ./Core/Src/tim.o
                0x0000000020000168                htim4
                0x00000000200001b0                htim5
                0x00000000200001f8                htim3
                0x0000000020000240                htim13
                0x0000000020000288                htim11
                0x00000000200002d0                htim6
                0x0000000020000318                htim9
                0x0000000020000360                htim2
                0x00000000200003a8                htim14
                0x00000000200003f0                htim7
 COMMON         0x0000000020000438      0x30c ./Core/Src/usart.o
                0x0000000020000438                hdma_usart2_rx
                0x0000000020000498                hdma_usart3_rx
                0x00000000200004f8                huart3
                0x000000002000053c                hdma_usart3_tx
                0x000000002000059c                hdma_usart1_tx
                0x00000000200005fc                hdma_usart1_rx
                0x000000002000065c                hdma_usart2_tx
                0x00000000200006bc                huart1
                0x0000000020000700                huart2
 COMMON         0x0000000020000744        0x4 ./Drivers/STM32F4xx_HAL_Driver/Src/stm32f4xx_hal.o
                0x0000000020000744                uwTick
                0x0000000020000748                . = ALIGN (0x4)
                0x0000000020000748                _ebss = .
                0x0000000020000748                __bss_end__ = _ebss

._user_heap_stack
                0x0000000020000748      0x600
                0x0000000020000748                . = ALIGN (0x8)
                [!provide]                        PROVIDE (end = .)
                0x0000000020000748                PROVIDE (_end = .)
                0x0000000020000948                . = (. + _Min_Heap_Size)
 *fill*         0x0000000020000748      0x200 
                0x0000000020000d48                . = (. + _Min_Stack_Size)
 *fill*         0x0000000020000948      0x400 
                0x0000000020000d48                . = ALIGN (0x8)

/DISCARD/
 libc.a(*)
 libm.a(*)
 libgcc.a(*)

.ARM.attributes
                0x0000000000000000       0x30
 *(.ARM.attributes)
 .ARM.attributes
                0x0000000000000000       0x1e /opt/st/stm32cubeide_1.7.0/plugins/com.st.stm32cube.ide.mcu.externaltools.gnu-tools-for-stm32.9-2020-q2-update.linux64_2.0.0.202105311346/tools/bin/../lib/gcc/arm-none-eabi/9.3.1/thumb/v7e-m+fp/hard/crti.o
 .ARM.attributes
                0x000000000000001e       0x34 /opt/st/stm32cubeide_1.7.0/plugins/com.st.stm32cube.ide.mcu.externaltools.gnu-tools-for-stm32.9-2020-q2-update.linux64_2.0.0.202105311346/tools/bin/../lib/gcc/arm-none-eabi/9.3.1/thumb/v7e-m+fp/hard/crtbegin.o
 .ARM.attributes
                0x0000000000000052       0x34 ./Core/Src/buzzer.o
 .ARM.attributes
                0x0000000000000086       0x34 ./Core/Src/dma.o
 .ARM.attributes
                0x00000000000000ba       0x34 ./Core/Src/gpio.o
 .ARM.attributes
                0x00000000000000ee       0x34 ./Core/Src/main.o
 .ARM.attributes
                0x0000000000000122       0x34 ./Core/Src/motor_omni.o
 .ARM.attributes
                0x0000000000000156       0x34 ./Core/Src/stm32f4xx_hal_msp.o
 .ARM.attributes
                0x000000000000018a       0x34 ./Core/Src/stm32f4xx_it.o
 .ARM.attributes
                0x00000000000001be       0x34 ./Core/Src/system_stm32f4xx.o
 .ARM.attributes
                0x00000000000001f2       0x34 ./Core/Src/tim.o
 .ARM.attributes
                0x0000000000000226       0x34 ./Core/Src/usart.o
 .ARM.attributes
                0x000000000000025a       0x21 ./Core/Startup/startup_stm32f407vgtx.o
 .ARM.attributes
                0x000000000000027b       0x34 ./Drivers/STM32F4xx_HAL_Driver/Src/stm32f4xx_hal.o
 .ARM.attributes
                0x00000000000002af       0x34 ./Drivers/STM32F4xx_HAL_Driver/Src/stm32f4xx_hal_cortex.o
 .ARM.attributes
                0x00000000000002e3       0x34 ./Drivers/STM32F4xx_HAL_Driver/Src/stm32f4xx_hal_dma.o
 .ARM.attributes
                0x0000000000000317       0x34 ./Drivers/STM32F4xx_HAL_Driver/Src/stm32f4xx_hal_gpio.o
 .ARM.attributes
                0x000000000000034b       0x34 ./Drivers/STM32F4xx_HAL_Driver/Src/stm32f4xx_hal_rcc.o
 .ARM.attributes
                0x000000000000037f       0x34 ./Drivers/STM32F4xx_HAL_Driver/Src/stm32f4xx_hal_tim.o
 .ARM.attributes
                0x00000000000003b3       0x34 ./Drivers/STM32F4xx_HAL_Driver/Src/stm32f4xx_hal_tim_ex.o
 .ARM.attributes
                0x00000000000003e7       0x34 ./Drivers/STM32F4xx_HAL_Driver/Src/stm32f4xx_hal_uart.o
 .ARM.attributes
                0x000000000000041b       0x34 /opt/st/stm32cubeide_1.7.0/plugins/com.st.stm32cube.ide.mcu.externaltools.gnu-tools-for-stm32.9-2020-q2-update.linux64_2.0.0.202105311346/tools/bin/../lib/gcc/arm-none-eabi/9.3.1/../../../../arm-none-eabi/lib/thumb/v7e-m+fp/hard/libc_nano.a(lib_a-init.o)
 .ARM.attributes
                0x000000000000044f       0x34 /opt/st/stm32cubeide_1.7.0/plugins/com.st.stm32cube.ide.mcu.externaltools.gnu-tools-for-stm32.9-2020-q2-update.linux64_2.0.0.202105311346/tools/bin/../lib/gcc/arm-none-eabi/9.3.1/../../../../arm-none-eabi/lib/thumb/v7e-m+fp/hard/libc_nano.a(lib_a-memset.o)
 .ARM.attributes
                0x0000000000000483       0x1e /opt/st/stm32cubeide_1.7.0/plugins/com.st.stm32cube.ide.mcu.externaltools.gnu-tools-for-stm32.9-2020-q2-update.linux64_2.0.0.202105311346/tools/bin/../lib/gcc/arm-none-eabi/9.3.1/thumb/v7e-m+fp/hard/libgcc.a(_aeabi_uldivmod.o)
 .ARM.attributes
                0x00000000000004a1       0x34 /opt/st/stm32cubeide_1.7.0/plugins/com.st.stm32cube.ide.mcu.externaltools.gnu-tools-for-stm32.9-2020-q2-update.linux64_2.0.0.202105311346/tools/bin/../lib/gcc/arm-none-eabi/9.3.1/thumb/v7e-m+fp/hard/libgcc.a(_udivmoddi4.o)
 .ARM.attributes
                0x00000000000004d5       0x1e /opt/st/stm32cubeide_1.7.0/plugins/com.st.stm32cube.ide.mcu.externaltools.gnu-tools-for-stm32.9-2020-q2-update.linux64_2.0.0.202105311346/tools/bin/../lib/gcc/arm-none-eabi/9.3.1/thumb/v7e-m+fp/hard/libgcc.a(_dvmd_tls.o)
 .ARM.attributes
                0x00000000000004f3       0x1e /opt/st/stm32cubeide_1.7.0/plugins/com.st.stm32cube.ide.mcu.externaltools.gnu-tools-for-stm32.9-2020-q2-update.linux64_2.0.0.202105311346/tools/bin/../lib/gcc/arm-none-eabi/9.3.1/thumb/v7e-m+fp/hard/crtn.o
OUTPUT(slaveadamsfix2021.elf elf32-littlearm)
LOAD linker stubs
LOAD /opt/st/stm32cubeide_1.7.0/plugins/com.st.stm32cube.ide.mcu.externaltools.gnu-tools-for-stm32.9-2020-q2-update.linux64_2.0.0.202105311346/tools/bin/../lib/gcc/arm-none-eabi/9.3.1/../../../../arm-none-eabi/lib/thumb/v7e-m+fp/hard/libc.a
LOAD /opt/st/stm32cubeide_1.7.0/plugins/com.st.stm32cube.ide.mcu.externaltools.gnu-tools-for-stm32.9-2020-q2-update.linux64_2.0.0.202105311346/tools/bin/../lib/gcc/arm-none-eabi/9.3.1/../../../../arm-none-eabi/lib/thumb/v7e-m+fp/hard/libm.a
LOAD /opt/st/stm32cubeide_1.7.0/plugins/com.st.stm32cube.ide.mcu.externaltools.gnu-tools-for-stm32.9-2020-q2-update.linux64_2.0.0.202105311346/tools/bin/../lib/gcc/arm-none-eabi/9.3.1/thumb/v7e-m+fp/hard/libgcc.a

.debug_info     0x0000000000000000    0x10df1
 .debug_info    0x0000000000000000      0x365 ./Core/Src/buzzer.o
 .debug_info    0x0000000000000365      0x5b9 ./Core/Src/dma.o
 .debug_info    0x000000000000091e      0x54c ./Core/Src/gpio.o
 .debug_info    0x0000000000000e6a     0x10de ./Core/Src/main.o
 .debug_info    0x0000000000001f48      0xf2f ./Core/Src/motor_omni.o
 .debug_info    0x0000000000002e77      0x394 ./Core/Src/stm32f4xx_hal_msp.o
 .debug_info    0x000000000000320b      0xcc8 ./Core/Src/stm32f4xx_it.o
 .debug_info    0x0000000000003ed3      0x5a4 ./Core/Src/system_stm32f4xx.o
 .debug_info    0x0000000000004477     0x13c7 ./Core/Src/tim.o
 .debug_info    0x000000000000583e      0xda1 ./Core/Src/usart.o
 .debug_info    0x00000000000065df       0x22 ./Core/Startup/startup_stm32f407vgtx.o
 .debug_info    0x0000000000006601      0x9b2 ./Drivers/STM32F4xx_HAL_Driver/Src/stm32f4xx_hal.o
 .debug_info    0x0000000000006fb3      0xed7 ./Drivers/STM32F4xx_HAL_Driver/Src/stm32f4xx_hal_cortex.o
 .debug_info    0x0000000000007e8a      0x9f1 ./Drivers/STM32F4xx_HAL_Driver/Src/stm32f4xx_hal_dma.o
 .debug_info    0x000000000000887b      0x83e ./Drivers/STM32F4xx_HAL_Driver/Src/stm32f4xx_hal_gpio.o
 .debug_info    0x00000000000090b9      0x996 ./Drivers/STM32F4xx_HAL_Driver/Src/stm32f4xx_hal_rcc.o
 .debug_info    0x0000000000009a4f     0x2c22 ./Drivers/STM32F4xx_HAL_Driver/Src/stm32f4xx_hal_tim.o
 .debug_info    0x000000000000c671     0x15a2 ./Drivers/STM32F4xx_HAL_Driver/Src/stm32f4xx_hal_tim_ex.o
 .debug_info    0x000000000000dc13     0x31de ./Drivers/STM32F4xx_HAL_Driver/Src/stm32f4xx_hal_uart.o

.debug_abbrev   0x0000000000000000     0x2473
 .debug_abbrev  0x0000000000000000      0x13f ./Core/Src/buzzer.o
 .debug_abbrev  0x000000000000013f      0x126 ./Core/Src/dma.o
 .debug_abbrev  0x0000000000000265      0x14e ./Core/Src/gpio.o
 .debug_abbrev  0x00000000000003b3      0x260 ./Core/Src/main.o
 .debug_abbrev  0x0000000000000613      0x249 ./Core/Src/motor_omni.o
 .debug_abbrev  0x000000000000085c      0x11d ./Core/Src/stm32f4xx_hal_msp.o
 .debug_abbrev  0x0000000000000979      0x1d7 ./Core/Src/stm32f4xx_it.o
 .debug_abbrev  0x0000000000000b50      0x145 ./Core/Src/system_stm32f4xx.o
 .debug_abbrev  0x0000000000000c95      0x220 ./Core/Src/tim.o
 .debug_abbrev  0x0000000000000eb5      0x215 ./Core/Src/usart.o
 .debug_abbrev  0x00000000000010ca       0x12 ./Core/Startup/startup_stm32f407vgtx.o
 .debug_abbrev  0x00000000000010dc      0x1ed ./Drivers/STM32F4xx_HAL_Driver/Src/stm32f4xx_hal.o
 .debug_abbrev  0x00000000000012c9      0x33c ./Drivers/STM32F4xx_HAL_Driver/Src/stm32f4xx_hal_cortex.o
 .debug_abbrev  0x0000000000001605      0x259 ./Drivers/STM32F4xx_HAL_Driver/Src/stm32f4xx_hal_dma.o
 .debug_abbrev  0x000000000000185e      0x1f1 ./Drivers/STM32F4xx_HAL_Driver/Src/stm32f4xx_hal_gpio.o
 .debug_abbrev  0x0000000000001a4f      0x275 ./Drivers/STM32F4xx_HAL_Driver/Src/stm32f4xx_hal_rcc.o
 .debug_abbrev  0x0000000000001cc4      0x25e ./Drivers/STM32F4xx_HAL_Driver/Src/stm32f4xx_hal_tim.o
 .debug_abbrev  0x0000000000001f22      0x266 ./Drivers/STM32F4xx_HAL_Driver/Src/stm32f4xx_hal_tim_ex.o
 .debug_abbrev  0x0000000000002188      0x2eb ./Drivers/STM32F4xx_HAL_Driver/Src/stm32f4xx_hal_uart.o

.debug_aranges  0x0000000000000000      0xd90
 .debug_aranges
                0x0000000000000000       0x28 ./Core/Src/buzzer.o
 .debug_aranges
                0x0000000000000028       0x20 ./Core/Src/dma.o
 .debug_aranges
                0x0000000000000048       0x20 ./Core/Src/gpio.o
 .debug_aranges
                0x0000000000000068       0x48 ./Core/Src/main.o
 .debug_aranges
                0x00000000000000b0       0x30 ./Core/Src/motor_omni.o
 .debug_aranges
                0x00000000000000e0       0x20 ./Core/Src/stm32f4xx_hal_msp.o
 .debug_aranges
                0x0000000000000100       0xb0 ./Core/Src/stm32f4xx_it.o
 .debug_aranges
                0x00000000000001b0       0x28 ./Core/Src/system_stm32f4xx.o
 .debug_aranges
                0x00000000000001d8       0xa0 ./Core/Src/tim.o
 .debug_aranges
                0x0000000000000278       0x40 ./Core/Src/usart.o
 .debug_aranges
                0x00000000000002b8       0x28 ./Core/Startup/startup_stm32f407vgtx.o
 .debug_aranges
                0x00000000000002e0       0xf0 ./Drivers/STM32F4xx_HAL_Driver/Src/stm32f4xx_hal.o
 .debug_aranges
                0x00000000000003d0      0x118 ./Drivers/STM32F4xx_HAL_Driver/Src/stm32f4xx_hal_cortex.o
 .debug_aranges
                0x00000000000004e8       0x90 ./Drivers/STM32F4xx_HAL_Driver/Src/stm32f4xx_hal_dma.o
 .debug_aranges
                0x0000000000000578       0x58 ./Drivers/STM32F4xx_HAL_Driver/Src/stm32f4xx_hal_gpio.o
 .debug_aranges
                0x00000000000005d0       0x88 ./Drivers/STM32F4xx_HAL_Driver/Src/stm32f4xx_hal_rcc.o
 .debug_aranges
                0x0000000000000658      0x3d0 ./Drivers/STM32F4xx_HAL_Driver/Src/stm32f4xx_hal_tim.o
 .debug_aranges
                0x0000000000000a28      0x168 ./Drivers/STM32F4xx_HAL_Driver/Src/stm32f4xx_hal_tim_ex.o
 .debug_aranges
                0x0000000000000b90      0x200 ./Drivers/STM32F4xx_HAL_Driver/Src/stm32f4xx_hal_uart.o

.debug_ranges   0x0000000000000000      0xc98
 .debug_ranges  0x0000000000000000       0x18 ./Core/Src/buzzer.o
 .debug_ranges  0x0000000000000018       0x10 ./Core/Src/dma.o
 .debug_ranges  0x0000000000000028       0x10 ./Core/Src/gpio.o
 .debug_ranges  0x0000000000000038       0x38 ./Core/Src/main.o
 .debug_ranges  0x0000000000000070       0x20 ./Core/Src/motor_omni.o
 .debug_ranges  0x0000000000000090       0x10 ./Core/Src/stm32f4xx_hal_msp.o
 .debug_ranges  0x00000000000000a0       0xa0 ./Core/Src/stm32f4xx_it.o
 .debug_ranges  0x0000000000000140       0x18 ./Core/Src/system_stm32f4xx.o
 .debug_ranges  0x0000000000000158       0x90 ./Core/Src/tim.o
 .debug_ranges  0x00000000000001e8       0x30 ./Core/Src/usart.o
 .debug_ranges  0x0000000000000218       0x20 ./Core/Startup/startup_stm32f407vgtx.o
 .debug_ranges  0x0000000000000238       0xe0 ./Drivers/STM32F4xx_HAL_Driver/Src/stm32f4xx_hal.o
 .debug_ranges  0x0000000000000318      0x108 ./Drivers/STM32F4xx_HAL_Driver/Src/stm32f4xx_hal_cortex.o
 .debug_ranges  0x0000000000000420       0x80 ./Drivers/STM32F4xx_HAL_Driver/Src/stm32f4xx_hal_dma.o
 .debug_ranges  0x00000000000004a0       0x48 ./Drivers/STM32F4xx_HAL_Driver/Src/stm32f4xx_hal_gpio.o
 .debug_ranges  0x00000000000004e8       0x78 ./Drivers/STM32F4xx_HAL_Driver/Src/stm32f4xx_hal_rcc.o
 .debug_ranges  0x0000000000000560      0x3c0 ./Drivers/STM32F4xx_HAL_Driver/Src/stm32f4xx_hal_tim.o
 .debug_ranges  0x0000000000000920      0x158 ./Drivers/STM32F4xx_HAL_Driver/Src/stm32f4xx_hal_tim_ex.o
 .debug_ranges  0x0000000000000a78      0x220 ./Drivers/STM32F4xx_HAL_Driver/Src/stm32f4xx_hal_uart.o

.debug_macro    0x0000000000000000    0x218a4
 .debug_macro   0x0000000000000000      0x1e1 ./Core/Src/buzzer.o
 .debug_macro   0x00000000000001e1      0xaa8 ./Core/Src/buzzer.o
 .debug_macro   0x0000000000000c89      0x29b ./Core/Src/buzzer.o
 .debug_macro   0x0000000000000f24       0x2e ./Core/Src/buzzer.o
 .debug_macro   0x0000000000000f52       0x2f ./Core/Src/buzzer.o
 .debug_macro   0x0000000000000f81       0x22 ./Core/Src/buzzer.o
 .debug_macro   0x0000000000000fa3       0x8e ./Core/Src/buzzer.o
 .debug_macro   0x0000000000001031       0x51 ./Core/Src/buzzer.o
 .debug_macro   0x0000000000001082      0x103 ./Core/Src/buzzer.o
 .debug_macro   0x0000000000001185       0x6a ./Core/Src/buzzer.o
 .debug_macro   0x00000000000011ef      0x1df ./Core/Src/buzzer.o
 .debug_macro   0x00000000000013ce       0x1c ./Core/Src/buzzer.o
 .debug_macro   0x00000000000013ea       0x22 ./Core/Src/buzzer.o
 .debug_macro   0x000000000000140c       0xdf ./Core/Src/buzzer.o
 .debug_macro   0x00000000000014eb     0x102d ./Core/Src/buzzer.o
 .debug_macro   0x0000000000002518      0x11f ./Core/Src/buzzer.o
 .debug_macro   0x0000000000002637    0x15e58 ./Core/Src/buzzer.o
 .debug_macro   0x000000000001848f       0x6d ./Core/Src/buzzer.o
 .debug_macro   0x00000000000184fc     0x3666 ./Core/Src/buzzer.o
 .debug_macro   0x000000000001bb62      0x174 ./Core/Src/buzzer.o
 .debug_macro   0x000000000001bcd6       0x5c ./Core/Src/buzzer.o
 .debug_macro   0x000000000001bd32      0x96b ./Core/Src/buzzer.o
 .debug_macro   0x000000000001c69d      0x9fe ./Core/Src/buzzer.o
 .debug_macro   0x000000000001d09b      0x116 ./Core/Src/buzzer.o
 .debug_macro   0x000000000001d1b1      0x13e ./Core/Src/buzzer.o
 .debug_macro   0x000000000001d2ef       0xa5 ./Core/Src/buzzer.o
 .debug_macro   0x000000000001d394      0x174 ./Core/Src/buzzer.o
 .debug_macro   0x000000000001d508      0x287 ./Core/Src/buzzer.o
 .debug_macro   0x000000000001d78f       0x5f ./Core/Src/buzzer.o
 .debug_macro   0x000000000001d7ee      0x236 ./Core/Src/buzzer.o
 .debug_macro   0x000000000001da24      0x12c ./Core/Src/buzzer.o
 .debug_macro   0x000000000001db50      0x21e ./Core/Src/buzzer.o
 .debug_macro   0x000000000001dd6e       0x2e ./Core/Src/buzzer.o
 .debug_macro   0x000000000001dd9c      0x11a ./Core/Src/buzzer.o
 .debug_macro   0x000000000001deb6       0x7e ./Core/Src/buzzer.o
 .debug_macro   0x000000000001df34       0x89 ./Core/Src/buzzer.o
 .debug_macro   0x000000000001dfbd      0x8d1 ./Core/Src/buzzer.o
 .debug_macro   0x000000000001e88e       0x47 ./Core/Src/buzzer.o
 .debug_macro   0x000000000001e8d5      0x295 ./Core/Src/buzzer.o
 .debug_macro   0x000000000001eb6a      0x12d ./Core/Src/buzzer.o
 .debug_macro   0x000000000001ec97      0x106 ./Core/Src/buzzer.o
 .debug_macro   0x000000000001ed9d      0x1e7 ./Core/Src/dma.o
 .debug_macro   0x000000000001ef84      0x100 ./Core/Src/dma.o
 .debug_macro   0x000000000001f084      0x1e7 ./Core/Src/gpio.o
 .debug_macro   0x000000000001f26b      0x217 ./Core/Src/main.o
 .debug_macro   0x000000000001f482      0x2c6 ./Core/Src/motor_omni.o
 .debug_macro   0x000000000001f748       0x52 ./Core/Src/motor_omni.o
 .debug_macro   0x000000000001f79a       0x18 ./Core/Src/motor_omni.o
 .debug_macro   0x000000000001f7b2       0x3c ./Core/Src/motor_omni.o
 .debug_macro   0x000000000001f7ee       0x34 ./Core/Src/motor_omni.o
 .debug_macro   0x000000000001f822       0x16 ./Core/Src/motor_omni.o
 .debug_macro   0x000000000001f838       0x43 ./Core/Src/motor_omni.o
 .debug_macro   0x000000000001f87b       0x34 ./Core/Src/motor_omni.o
 .debug_macro   0x000000000001f8af       0x10 ./Core/Src/motor_omni.o
 .debug_macro   0x000000000001f8bf       0x58 ./Core/Src/motor_omni.o
 .debug_macro   0x000000000001f917       0x71 ./Core/Src/motor_omni.o
 .debug_macro   0x000000000001f988       0x1c ./Core/Src/motor_omni.o
 .debug_macro   0x000000000001f9a4      0x12a ./Core/Src/motor_omni.o
 .debug_macro   0x000000000001face      0x333 ./Core/Src/motor_omni.o
 .debug_macro   0x000000000001fe01      0x1a9 ./Core/Src/motor_omni.o
 .debug_macro   0x000000000001ffaa       0x16 ./Core/Src/motor_omni.o
 .debug_macro   0x000000000001ffc0       0x35 ./Core/Src/motor_omni.o
 .debug_macro   0x000000000001fff5       0x16 ./Core/Src/motor_omni.o
 .debug_macro   0x000000000002000b       0x29 ./Core/Src/motor_omni.o
 .debug_macro   0x0000000000020034      0x1dd ./Core/Src/stm32f4xx_hal_msp.o
 .debug_macro   0x0000000000020211      0x1f5 ./Core/Src/stm32f4xx_it.o
 .debug_macro   0x0000000000020406      0x1ce ./Core/Src/system_stm32f4xx.o
 .debug_macro   0x00000000000205d4      0x1e7 ./Core/Src/tim.o
 .debug_macro   0x00000000000207bb      0x1e7 ./Core/Src/usart.o
 .debug_macro   0x00000000000209a2      0x22e ./Drivers/STM32F4xx_HAL_Driver/Src/stm32f4xx_hal.o
 .debug_macro   0x0000000000020bd0      0x1ce ./Drivers/STM32F4xx_HAL_Driver/Src/stm32f4xx_hal_cortex.o
 .debug_macro   0x0000000000020d9e      0x1d4 ./Drivers/STM32F4xx_HAL_Driver/Src/stm32f4xx_hal_dma.o
 .debug_macro   0x0000000000020f72      0x1d4 ./Drivers/STM32F4xx_HAL_Driver/Src/stm32f4xx_hal_gpio.o
 .debug_macro   0x0000000000021146      0x1f2 ./Drivers/STM32F4xx_HAL_Driver/Src/stm32f4xx_hal_rcc.o
 .debug_macro   0x0000000000021338      0x1cf ./Drivers/STM32F4xx_HAL_Driver/Src/stm32f4xx_hal_tim.o
 .debug_macro   0x0000000000021507      0x1ce ./Drivers/STM32F4xx_HAL_Driver/Src/stm32f4xx_hal_tim_ex.o
 .debug_macro   0x00000000000216d5      0x1cf ./Drivers/STM32F4xx_HAL_Driver/Src/stm32f4xx_hal_uart.o

.debug_line     0x0000000000000000    0x109ab
 .debug_line    0x0000000000000000      0x714 ./Core/Src/buzzer.o
 .debug_line    0x0000000000000714      0x6a9 ./Core/Src/dma.o
 .debug_line    0x0000000000000dbd      0x6ec ./Core/Src/gpio.o
 .debug_line    0x00000000000014a9      0x846 ./Core/Src/main.o
 .debug_line    0x0000000000001cef      0x9ec ./Core/Src/motor_omni.o
 .debug_line    0x00000000000026db      0x6a3 ./Core/Src/stm32f4xx_hal_msp.o
 .debug_line    0x0000000000002d7e      0x89d ./Core/Src/stm32f4xx_it.o
 .debug_line    0x000000000000361b      0x724 ./Core/Src/system_stm32f4xx.o
 .debug_line    0x0000000000003d3f      0xc1c ./Core/Src/tim.o
 .debug_line    0x000000000000495b      0x8fa ./Core/Src/usart.o
 .debug_line    0x0000000000005255       0x88 ./Core/Startup/startup_stm32f407vgtx.o
 .debug_line    0x00000000000052dd      0x98a ./Drivers/STM32F4xx_HAL_Driver/Src/stm32f4xx_hal.o
 .debug_line    0x0000000000005c67      0xc39 ./Drivers/STM32F4xx_HAL_Driver/Src/stm32f4xx_hal_cortex.o
 .debug_line    0x00000000000068a0      0xeef ./Drivers/STM32F4xx_HAL_Driver/Src/stm32f4xx_hal_dma.o
 .debug_line    0x000000000000778f      0xb00 ./Drivers/STM32F4xx_HAL_Driver/Src/stm32f4xx_hal_gpio.o
 .debug_line    0x000000000000828f      0xd06 ./Drivers/STM32F4xx_HAL_Driver/Src/stm32f4xx_hal_rcc.o
 .debug_line    0x0000000000008f95     0x367e ./Drivers/STM32F4xx_HAL_Driver/Src/stm32f4xx_hal_tim.o
 .debug_line    0x000000000000c613     0x1987 ./Drivers/STM32F4xx_HAL_Driver/Src/stm32f4xx_hal_tim_ex.o
 .debug_line    0x000000000000df9a     0x2a11 ./Drivers/STM32F4xx_HAL_Driver/Src/stm32f4xx_hal_uart.o

.debug_str      0x0000000000000000    0xcb197
 .debug_str     0x0000000000000000    0xc38b7 ./Core/Src/buzzer.o
                                      0xc3b4e (size before relaxing)
 .debug_str     0x00000000000c38b7      0x5f8 ./Core/Src/dma.o
                                      0xc4044 (size before relaxing)
 .debug_str     0x00000000000c3eaf       0x62 ./Core/Src/gpio.o
                                      0xc3bf6 (size before relaxing)
 .debug_str     0x00000000000c3f11      0x9bb ./Core/Src/main.o
                                      0xc45ed (size before relaxing)
 .debug_str     0x00000000000c48cc     0x3b0b ./Core/Src/motor_omni.o
                                      0xc776e (size before relaxing)
 .debug_str     0x00000000000c83d7       0x2c ./Core/Src/stm32f4xx_hal_msp.o
                                      0xc3b59 (size before relaxing)
 .debug_str     0x00000000000c8403      0x1f8 ./Core/Src/stm32f4xx_it.o
                                      0xc4456 (size before relaxing)
 .debug_str     0x00000000000c85fb       0xaf ./Core/Src/system_stm32f4xx.o
                                      0xc3771 (size before relaxing)
 .debug_str     0x00000000000c86aa      0x2a7 ./Core/Src/tim.o
                                      0xc48cf (size before relaxing)
 .debug_str     0x00000000000c8951       0x7f ./Core/Src/usart.o
                                      0xc45d9 (size before relaxing)
 .debug_str     0x00000000000c89d0       0x36 ./Core/Startup/startup_stm32f407vgtx.o
                                         0x6e (size before relaxing)
 .debug_str     0x00000000000c8a06      0x58d ./Drivers/STM32F4xx_HAL_Driver/Src/stm32f4xx_hal.o
                                      0xc4253 (size before relaxing)
 .debug_str     0x00000000000c8f93      0x392 ./Drivers/STM32F4xx_HAL_Driver/Src/stm32f4xx_hal_cortex.o
                                      0xc4042 (size before relaxing)
 .debug_str     0x00000000000c9325      0x31d ./Drivers/STM32F4xx_HAL_Driver/Src/stm32f4xx_hal_dma.o
                                      0xc3b9b (size before relaxing)
 .debug_str     0x00000000000c9642      0x15f ./Drivers/STM32F4xx_HAL_Driver/Src/stm32f4xx_hal_gpio.o
                                      0xc3918 (size before relaxing)
 .debug_str     0x00000000000c97a1      0x259 ./Drivers/STM32F4xx_HAL_Driver/Src/stm32f4xx_hal_rcc.o
                                      0xc3b73 (size before relaxing)
 .debug_str     0x00000000000c99fa      0xcf6 ./Drivers/STM32F4xx_HAL_Driver/Src/stm32f4xx_hal_tim.o
                                      0xc4aa0 (size before relaxing)
 .debug_str     0x00000000000ca6f0      0x4ee ./Drivers/STM32F4xx_HAL_Driver/Src/stm32f4xx_hal_tim_ex.o
                                      0xc4251 (size before relaxing)
 .debug_str     0x00000000000cabde      0x5b9 ./Drivers/STM32F4xx_HAL_Driver/Src/stm32f4xx_hal_uart.o
                                      0xc40f9 (size before relaxing)

.comment        0x0000000000000000       0x53
 .comment       0x0000000000000000       0x53 ./Core/Src/buzzer.o
                                         0x54 (size before relaxing)
 .comment       0x0000000000000053       0x54 ./Core/Src/dma.o
 .comment       0x0000000000000053       0x54 ./Core/Src/gpio.o
 .comment       0x0000000000000053       0x54 ./Core/Src/main.o
 .comment       0x0000000000000053       0x54 ./Core/Src/motor_omni.o
 .comment       0x0000000000000053       0x54 ./Core/Src/stm32f4xx_hal_msp.o
 .comment       0x0000000000000053       0x54 ./Core/Src/stm32f4xx_it.o
 .comment       0x0000000000000053       0x54 ./Core/Src/system_stm32f4xx.o
 .comment       0x0000000000000053       0x54 ./Core/Src/tim.o
 .comment       0x0000000000000053       0x54 ./Core/Src/usart.o
 .comment       0x0000000000000053       0x54 ./Drivers/STM32F4xx_HAL_Driver/Src/stm32f4xx_hal.o
 .comment       0x0000000000000053       0x54 ./Drivers/STM32F4xx_HAL_Driver/Src/stm32f4xx_hal_cortex.o
 .comment       0x0000000000000053       0x54 ./Drivers/STM32F4xx_HAL_Driver/Src/stm32f4xx_hal_dma.o
 .comment       0x0000000000000053       0x54 ./Drivers/STM32F4xx_HAL_Driver/Src/stm32f4xx_hal_gpio.o
 .comment       0x0000000000000053       0x54 ./Drivers/STM32F4xx_HAL_Driver/Src/stm32f4xx_hal_rcc.o
 .comment       0x0000000000000053       0x54 ./Drivers/STM32F4xx_HAL_Driver/Src/stm32f4xx_hal_tim.o
 .comment       0x0000000000000053       0x54 ./Drivers/STM32F4xx_HAL_Driver/Src/stm32f4xx_hal_tim_ex.o
 .comment       0x0000000000000053       0x54 ./Drivers/STM32F4xx_HAL_Driver/Src/stm32f4xx_hal_uart.o

.debug_frame    0x0000000000000000     0x375c
 .debug_frame   0x0000000000000000       0x54 ./Core/Src/buzzer.o
 .debug_frame   0x0000000000000054       0x34 ./Core/Src/dma.o
 .debug_frame   0x0000000000000088       0x34 ./Core/Src/gpio.o
 .debug_frame   0x00000000000000bc       0xd8 ./Core/Src/main.o
 .debug_frame   0x0000000000000194       0x84 ./Core/Src/motor_omni.o
 .debug_frame   0x0000000000000218       0x38 ./Core/Src/stm32f4xx_hal_msp.o
 .debug_frame   0x0000000000000250      0x21c ./Core/Src/stm32f4xx_it.o
 .debug_frame   0x000000000000046c       0x58 ./Core/Src/system_stm32f4xx.o
 .debug_frame   0x00000000000004c4      0x27c ./Core/Src/tim.o
 .debug_frame   0x0000000000000740       0xb0 ./Core/Src/usart.o
 .debug_frame   0x00000000000007f0      0x374 ./Drivers/STM32F4xx_HAL_Driver/Src/stm32f4xx_hal.o
 .debug_frame   0x0000000000000b64      0x498 ./Drivers/STM32F4xx_HAL_Driver/Src/stm32f4xx_hal_cortex.o
 .debug_frame   0x0000000000000ffc      0x250 ./Drivers/STM32F4xx_HAL_Driver/Src/stm32f4xx_hal_dma.o
 .debug_frame   0x000000000000124c      0x14c ./Drivers/STM32F4xx_HAL_Driver/Src/stm32f4xx_hal_gpio.o
 .debug_frame   0x0000000000001398      0x1f0 ./Drivers/STM32F4xx_HAL_Driver/Src/stm32f4xx_hal_rcc.o
 .debug_frame   0x0000000000001588     0x11c4 ./Drivers/STM32F4xx_HAL_Driver/Src/stm32f4xx_hal_tim.o
 .debug_frame   0x000000000000274c      0x638 ./Drivers/STM32F4xx_HAL_Driver/Src/stm32f4xx_hal_tim_ex.o
 .debug_frame   0x0000000000002d84      0x92c ./Drivers/STM32F4xx_HAL_Driver/Src/stm32f4xx_hal_uart.o
 .debug_frame   0x00000000000036b0       0x2c /opt/st/stm32cubeide_1.7.0/plugins/com.st.stm32cube.ide.mcu.externaltools.gnu-tools-for-stm32.9-2020-q2-update.linux64_2.0.0.202105311346/tools/bin/../lib/gcc/arm-none-eabi/9.3.1/../../../../arm-none-eabi/lib/thumb/v7e-m+fp/hard/libc_nano.a(lib_a-init.o)
 .debug_frame   0x00000000000036dc       0x20 /opt/st/stm32cubeide_1.7.0/plugins/com.st.stm32cube.ide.mcu.externaltools.gnu-tools-for-stm32.9-2020-q2-update.linux64_2.0.0.202105311346/tools/bin/../lib/gcc/arm-none-eabi/9.3.1/../../../../arm-none-eabi/lib/thumb/v7e-m+fp/hard/libc_nano.a(lib_a-memset.o)
 .debug_frame   0x00000000000036fc       0x2c /opt/st/stm32cubeide_1.7.0/plugins/com.st.stm32cube.ide.mcu.externaltools.gnu-tools-for-stm32.9-2020-q2-update.linux64_2.0.0.202105311346/tools/bin/../lib/gcc/arm-none-eabi/9.3.1/thumb/v7e-m+fp/hard/libgcc.a(_aeabi_uldivmod.o)
 .debug_frame   0x0000000000003728       0x34 /opt/st/stm32cubeide_1.7.0/plugins/com.st.stm32cube.ide.mcu.externaltools.gnu-tools-for-stm32.9-2020-q2-update.linux64_2.0.0.202105311346/tools/bin/../lib/gcc/arm-none-eabi/9.3.1/thumb/v7e-m+fp/hard/libgcc.a(_udivmoddi4.o)
