stm32f4xx_it.c:94:6:NMI_Handler	4	static
stm32f4xx_it.c:109:6:HardFault_Handler	4	static
stm32f4xx_it.c:124:6:MemManage_Handler	4	static
stm32f4xx_it.c:139:6:BusFault_Handler	4	static
stm32f4xx_it.c:154:6:UsageFault_Handler	4	static
stm32f4xx_it.c:169:6:SVC_Handler	4	static
stm32f4xx_it.c:182:6:DebugMon_Handler	4	static
stm32f4xx_it.c:195:6:PendSV_Handler	4	static
stm32f4xx_it.c:208:6:SysTick_Handler	8	static
stm32f4xx_it.c:229:6:DMA1_Stream1_IRQHandler	8	static
stm32f4xx_it.c:243:6:DMA1_Stream3_IRQHandler	8	static
stm32f4xx_it.c:257:6:DMA1_Stream5_IRQHandler	8	static
stm32f4xx_it.c:271:6:DMA1_Stream6_IRQHandler	8	static
stm32f4xx_it.c:285:6:USART1_IRQHandler	8	static
stm32f4xx_it.c:299:6:USART3_IRQHandler	8	static
stm32f4xx_it.c:313:6:TIM6_DAC_IRQHandler	8	static
stm32f4xx_it.c:340:6:TIM7_IRQHandler	8	static
stm32f4xx_it.c:355:6:DMA2_Stream2_IRQHandler	8	static
stm32f4xx_it.c:369:6:DMA2_Stream7_IRQHandler	8	static
